
> app@0.0.0 build
> tsc -b && vite build

src/pages/teacher/AulaLook.tsx(6,60): error TS6133: 'updateAttendanceRecord' is declared but its value is never read.
